
> mark1@0.0.0 build
> tsc -b && vite build

src/App.tsx(1,8): error TS6133: 'React' is declared but its value is never read.
src/components/dashboard/ScoreWidget.tsx(1,1): error TS6133: 'React' is declared but its value is never read.
src/components/layout/Header.tsx(1,1): error TS6133: 'React' is declared but its value is never read.
src/components/layout/Sidebar.tsx(1,1): error TS6133: 'React' is declared but its value is never read.
src/components/ui/ProgressBar.tsx(1,1): error TS6133: 'React' is declared but its value is never read.
src/views/AnalysisLoadingView.tsx(1,8): error TS6133: 'React' is declared but its value is never read.
